// 重构日志: 013db5d4
// 重构日志: 4a9632d7
// 重构日志: 3c843504
// 重构日志: 9c55daf7
// 同步 ID: 79409a50 @ Wed Jul 15 07:34:55 UTC 2026
// 同步 ID: c333446e @ Wed Jul 15 17:55:29 UTC 2026
// 同步 ID: 7b278119 @ Sat Jul 18 14:46:33 UTC 2026
// 同步 ID: e71c0d71 @ Sun Jul 19 07:51:28 UTC 2026
// 同步 ID: 0aa7db00 @ Sun Jul 19 11:54:20 UTC 2026
// 同步 ID: 9ab347d6 @ Mon Jul 20 08:49:45 UTC 2026
// 同步 ID: 17762d83 @ Wed Jul 22 00:26:49 UTC 2026
// 重构日志: b8de03a1
// 重构日志: d6a7f4e4
// 同步 ID: 768ef8ed @ Fri Jul 24 14:05:56 UTC 2026
// 重构日志: d5b8977a
// 同步 ID: 7dcf1764 @ Sun Jul 26 08:07:59 UTC 2026
// 同步 ID: f9b890c2 @ Sun Jul 26 12:14:03 UTC 2026
// 同步 ID: da3d8460 @ Mon Jul 27 11:49:12 UTC 2026
// 重构日志: 7f56c847
// 重构日志: ae5e7ba7
// 重构日志: a4d007d4
// 同步 ID: 78d49fb6 @ Thu Jul 30 10:45:42 UTC 2026
// 同步 ID: 8163978f @ Thu Jul 30 17:00:40 UTC 2026
// 重构日志: dd37b25d
// 同步 ID: 877983d2 @ Sun Aug  2 08:07:40 UTC 2026
// 重构日志: 7ce9d924
// 同步 ID: bc57266f @ Sun Aug  2 21:10:58 UTC 2026
